// Jest Snapshot v1, https://goo.gl/fbAQLP

exports[`<Footer /> component should load the initial state of Footer component 1`] = `"<div class=\\"css-s2v6r3-Wrapper ezbsl480\\"><div class=\\"css-884zuu-Inner-Inner-Inner ezbsl481\\"><div class=\\"css-1i7jbxh-Left-Left ezbsl482\\"> Made with<span class=\\"css-1fabf7-Love ezbsl487\\">â™¥</span>on<span class=\\"css-s8y44l-ToolTip ezbsl484\\"><svg class=\\"ezbsl485 css-1sjno4d-Svg-Earth ek145dl0\\"><title>Earth</title><use xlink:href=\\"[object Object]#earth\\"></use></svg><span class=\\"css-viedkf-Flags ezbsl486\\"><svg class=\\"ezbsl488 css-7l4cse-Svg-Flag ek145dl0\\"><title>Spain</title><use xlink:href=\\"[object Object]#spain\\"></use></svg><svg class=\\"ezbsl488 css-7l4cse-Svg-Flag ek145dl0\\"><title>Nicaragua</title><use xlink:href=\\"[object Object]#nicaragua\\"></use></svg><svg class=\\"ezbsl488 css-7l4cse-Svg-Flag ek145dl0\\"><title>India</title><use xlink:href=\\"[object Object]#india\\"></use></svg><svg class=\\"ezbsl488 css-7l4cse-Svg-Flag ek145dl0\\"><title>Brazil</title><use xlink:href=\\"[object Object]#brazil\\"></use></svg><svg class=\\"ezbsl488 css-7l4cse-Svg-Flag ek145dl0\\"><title>China</title><use xlink:href=\\"[object Object]#china\\"></use></svg><svg class=\\"ezbsl488 css-7l4cse-Svg-Flag ek145dl0\\"><title>Austria</title><use xlink:href=\\"[object Object]#austria\\"></use></svg></span></span></div><div class=\\"css-im9kxf-Left-Left-Right ezbsl483\\">Powered by<span class=\\"ezbsl488 css-15gga5i-ImgWrapper-Flag ek145dl1\\" name=\\"verdaccio\\" title=\\"Verdaccio\\"><img alt=\\"Verdaccio\\" src=\\"[object Object]\\" class=\\"css-131frtk-Img ek145dl2\\"></span>/ v.1.0.0</div></div></div>"`;
