// Jest Snapshot v1, https://goo.gl/fbAQLP

exports[`<Logo /> component should render the component in default state 1`] = `"<div class=\\"css-zg05e9-StyledLogo em793ed0\\"></div>"`;
